// Jest Snapshot v1, https://goo.gl/fbAQLP

exports[`Extension Test Suite Format document using .prettierrc 1`] = `
"/* eslint-disable */
const options = {
    first: "hello, world",
    second: true,
    internationalizing: true,
}

export { options }
"
`;

exports[`Extension Test Suite Formats document using .eslintrc 1`] = `
"const options = {
    first:              'hello, world',
    second:             true,
    internationalizing: true,
};

export { options };
"
`;

exports[`Extension Test Suite setting "prettierLast" makes prettier run last 1`] = `
"const options = {
    first:              'hello, world',
    second:             true,
    internationalizing: true,
};

export { options };
"
`;
